// Jest Snapshot v1, https://goo.gl/fbAQLP

exports[`views.Home Deve carregar a página Home corretamente 1`] = `
<custom-header-stub></custom-header-stub>
<contact-stub></contact-stub>
<div class="flex justify-center py-10 bg-brand-gray">
  <p class="font-medium text-center text-gray-800">App Feedback © 2023</p>
</div>
`;
